desc: --stacks=yes --heap=no --time-unit=B
cmd: ./build/firewall-benchmark
time_unit: B
#-----------
snapshot=0
#-----------
time=0
mem_heap_B=0
mem_heap_extra_B=0
mem_stacks_B=0
heap_tree=empty
#-----------
snapshot=1
#-----------
time=2874480
mem_heap_B=0
mem_heap_extra_B=0
mem_stacks_B=1776
heap_tree=empty
#-----------
snapshot=2
#-----------
time=5861360
mem_heap_B=0
mem_heap_extra_B=0
mem_stacks_B=1776
heap_tree=empty
#-----------
snapshot=3
#-----------
time=9550256
mem_heap_B=0
mem_heap_extra_B=0
mem_stacks_B=3408
heap_tree=empty
#-----------
snapshot=4
#-----------
time=12552096
mem_heap_B=0
mem_heap_extra_B=0
mem_stacks_B=9568
heap_tree=empty
#-----------
snapshot=5
#-----------
time=15370192
mem_heap_B=0
mem_heap_extra_B=0
mem_stacks_B=1488
heap_tree=empty
#-----------
snapshot=6
#-----------
time=18653472
mem_heap_B=0
mem_heap_extra_B=0
mem_stacks_B=5792
heap_tree=empty
#-----------
snapshot=7
#-----------
time=23862784
mem_heap_B=0
mem_heap_extra_B=0
mem_stacks_B=5792
heap_tree=empty
#-----------
snapshot=8
#-----------
time=27949120
mem_heap_B=0
mem_heap_extra_B=0
mem_stacks_B=1504
heap_tree=empty
#-----------
snapshot=9
#-----------
time=31677904
mem_heap_B=0
mem_heap_extra_B=0
mem_stacks_B=1808
heap_tree=empty
#-----------
snapshot=10
#-----------
time=36291120
mem_heap_B=0
mem_heap_extra_B=0
mem_stacks_B=2192
heap_tree=empty
#-----------
snapshot=11
#-----------
time=39284112
mem_heap_B=0
mem_heap_extra_B=0
mem_stacks_B=5712
heap_tree=empty
#-----------
snapshot=12
#-----------
time=42541760
mem_heap_B=0
mem_heap_extra_B=0
mem_stacks_B=2016
heap_tree=empty
#-----------
snapshot=13
#-----------
time=46177712
mem_heap_B=0
mem_heap_extra_B=0
mem_stacks_B=5712
heap_tree=empty
#-----------
snapshot=14
#-----------
time=48900368
mem_heap_B=0
mem_heap_extra_B=0
mem_stacks_B=1936
heap_tree=empty
#-----------
snapshot=15
#-----------
time=52083696
mem_heap_B=0
mem_heap_extra_B=0
mem_stacks_B=5712
heap_tree=empty
#-----------
snapshot=16
#-----------
time=54806272
mem_heap_B=0
mem_heap_extra_B=0
mem_stacks_B=2144
heap_tree=empty
#-----------
snapshot=17
#-----------
time=58436576
mem_heap_B=0
mem_heap_extra_B=0
mem_stacks_B=1760
heap_tree=empty
#-----------
snapshot=18
#-----------
time=63436192
mem_heap_B=0
mem_heap_extra_B=0
mem_stacks_B=2144
heap_tree=empty
#-----------
snapshot=19
#-----------
time=67379952
mem_heap_B=0
mem_heap_extra_B=0
mem_stacks_B=1488
heap_tree=empty
#-----------
snapshot=20
#-----------
time=70435504
mem_heap_B=0
mem_heap_extra_B=0
mem_stacks_B=1648
heap_tree=empty
#-----------
snapshot=21
#-----------
time=74254560
mem_heap_B=0
mem_heap_extra_B=0
mem_stacks_B=1568
heap_tree=empty
#-----------
snapshot=22
#-----------
time=78074704
mem_heap_B=0
mem_heap_extra_B=0
mem_stacks_B=2256
heap_tree=empty
#-----------
snapshot=23
#-----------
time=81129856
mem_heap_B=0
mem_heap_extra_B=0
mem_stacks_B=1536
heap_tree=empty
#-----------
snapshot=24
#-----------
time=83424944
mem_heap_B=0
mem_heap_extra_B=0
mem_stacks_B=5712
heap_tree=empty
#-----------
snapshot=25
#-----------
time=86480064
mem_heap_B=0
mem_heap_extra_B=0
mem_stacks_B=1504
heap_tree=empty
#-----------
snapshot=26
#-----------
time=89536208
mem_heap_B=0
mem_heap_extra_B=0
mem_stacks_B=2192
heap_tree=empty
#-----------
snapshot=27
#-----------
time=92597584
mem_heap_B=0
mem_heap_extra_B=0
mem_stacks_B=1488
heap_tree=empty
#-----------
snapshot=28
#-----------
time=94892784
mem_heap_B=0
mem_heap_extra_B=0
mem_stacks_B=1296
heap_tree=empty
#-----------
snapshot=29
#-----------
time=98714544
mem_heap_B=0
mem_heap_extra_B=0
mem_stacks_B=1680
heap_tree=empty
#-----------
snapshot=30
#-----------
time=101005952
mem_heap_B=0
mem_heap_extra_B=0
mem_stacks_B=2048
heap_tree=empty
#-----------
snapshot=31
#-----------
time=104828496
mem_heap_B=0
mem_heap_extra_B=0
mem_stacks_B=2032
heap_tree=empty
#-----------
snapshot=32
#-----------
time=107478544
mem_heap_B=0
mem_heap_extra_B=0
mem_stacks_B=2256
heap_tree=empty
#-----------
snapshot=33
#-----------
time=110130672
mem_heap_B=0
mem_heap_extra_B=0
mem_stacks_B=1488
heap_tree=empty
#-----------
snapshot=34
#-----------
time=114105760
mem_heap_B=0
mem_heap_extra_B=0
mem_stacks_B=1952
heap_tree=empty
#-----------
snapshot=35
#-----------
time=116757680
mem_heap_B=0
mem_heap_extra_B=0
mem_stacks_B=5712
heap_tree=empty
#-----------
snapshot=36
#-----------
time=119408432
mem_heap_B=0
mem_heap_extra_B=0
mem_stacks_B=5712
heap_tree=empty
#-----------
snapshot=37
#-----------
time=123383488
mem_heap_B=0
mem_heap_extra_B=0
mem_stacks_B=1888
heap_tree=empty
#-----------
snapshot=38
#-----------
time=128683584
mem_heap_B=0
mem_heap_extra_B=0
mem_stacks_B=1344
heap_tree=empty
#-----------
snapshot=39
#-----------
time=131333632
mem_heap_B=0
mem_heap_extra_B=0
mem_stacks_B=1664
heap_tree=empty
#-----------
snapshot=40
#-----------
time=135308688
mem_heap_B=0
mem_heap_extra_B=0
mem_stacks_B=2544
heap_tree=empty
#-----------
snapshot=41
#-----------
time=137961680
mem_heap_B=0
mem_heap_extra_B=0
mem_stacks_B=1488
heap_tree=empty
#-----------
snapshot=42
#-----------
time=143261824
mem_heap_B=0
mem_heap_extra_B=0
mem_stacks_B=1856
heap_tree=empty
#-----------
snapshot=43
#-----------
time=145912848
mem_heap_B=0
mem_heap_extra_B=0
mem_stacks_B=1488
heap_tree=empty
#-----------
snapshot=44
#-----------
time=151213504
mem_heap_B=0
mem_heap_extra_B=0
mem_stacks_B=2080
heap_tree=empty
#-----------
snapshot=45
#-----------
time=155191280
mem_heap_B=0
mem_heap_extra_B=0
mem_stacks_B=2000
heap_tree=empty
#-----------
snapshot=46
#-----------
time=157841376
mem_heap_B=0
mem_heap_extra_B=0
mem_stacks_B=2176
heap_tree=empty
#-----------
snapshot=47
#-----------
time=163141440
mem_heap_B=0
mem_heap_extra_B=0
mem_stacks_B=1600
heap_tree=empty
#-----------
snapshot=48
#-----------
time=167116528
mem_heap_B=0
mem_heap_extra_B=0
mem_stacks_B=2192
heap_tree=empty
#-----------
snapshot=49
#-----------
time=171091600
mem_heap_B=0
mem_heap_extra_B=0
mem_stacks_B=1456
heap_tree=empty
#-----------
snapshot=50
#-----------
time=173386736
mem_heap_B=0
mem_heap_extra_B=0
mem_stacks_B=5712
heap_tree=empty
#-----------
snapshot=51
#-----------
time=175678176
mem_heap_B=0
mem_heap_extra_B=0
mem_stacks_B=1504
heap_tree=empty
#-----------
snapshot=52
#-----------
time=177969584
mem_heap_B=0
mem_heap_extra_B=0
mem_stacks_B=2160
heap_tree=empty
#-----------
snapshot=53
#-----------
time=180261152
mem_heap_B=0
mem_heap_extra_B=0
mem_stacks_B=1952
heap_tree=empty
#-----------
snapshot=54
#-----------
time=182552592
mem_heap_B=0
mem_heap_extra_B=0
mem_stacks_B=1360
heap_tree=empty
#-----------
snapshot=55
#-----------
time=184844016
mem_heap_B=0
mem_heap_extra_B=0
mem_stacks_B=1200
heap_tree=empty
#-----------
snapshot=56
#-----------
time=187135424
mem_heap_B=0
mem_heap_extra_B=0
mem_stacks_B=2240
heap_tree=empty
#-----------
snapshot=57
#-----------
time=189426880
mem_heap_B=0
mem_heap_extra_B=0
mem_stacks_B=1344
heap_tree=empty
#-----------
snapshot=58
#-----------
time=191720240
mem_heap_B=0
mem_heap_extra_B=0
mem_stacks_B=5712
heap_tree=empty
#-----------
snapshot=59
#-----------
time=194011648
mem_heap_B=0
mem_heap_extra_B=0
mem_stacks_B=1856
heap_tree=empty
#-----------
snapshot=60
#-----------
time=196305776
mem_heap_B=0
mem_heap_extra_B=0
mem_stacks_B=1488
heap_tree=empty
#-----------
snapshot=61
#-----------
time=198600080
mem_heap_B=0
mem_heap_extra_B=0
mem_stacks_B=5712
heap_tree=empty
#-----------
snapshot=62
#-----------
time=200891504
mem_heap_B=0
mem_heap_extra_B=0
mem_stacks_B=1680
heap_tree=empty
#-----------
snapshot=63
#-----------
time=203182912
mem_heap_B=0
mem_heap_extra_B=0
mem_stacks_B=1984
heap_tree=empty
#-----------
snapshot=64
#-----------
time=205474352
mem_heap_B=0
mem_heap_extra_B=0
mem_stacks_B=1424
heap_tree=empty
#-----------
snapshot=65
#-----------
time=207765776
mem_heap_B=0
mem_heap_extra_B=0
mem_stacks_B=1520
heap_tree=empty
#-----------
snapshot=66
#-----------
time=210057216
mem_heap_B=0
mem_heap_extra_B=0
mem_stacks_B=1952
heap_tree=empty
#-----------
snapshot=67
#-----------
time=212348672
mem_heap_B=0
mem_heap_extra_B=0
mem_stacks_B=5792
heap_tree=empty
#-----------
snapshot=68
#-----------
time=214640112
mem_heap_B=0
mem_heap_extra_B=0
mem_stacks_B=1648
heap_tree=empty
#-----------
snapshot=69
#-----------
time=216931536
mem_heap_B=0
mem_heap_extra_B=0
mem_stacks_B=1552
heap_tree=empty
#-----------
snapshot=70
#-----------
time=219222976
mem_heap_B=0
mem_heap_extra_B=0
mem_stacks_B=1664
heap_tree=empty
#-----------
snapshot=71
#-----------
time=221514384
mem_heap_B=0
mem_heap_extra_B=0
mem_stacks_B=1584
heap_tree=empty
#-----------
snapshot=72
#-----------
time=223808176
mem_heap_B=0
mem_heap_extra_B=0
mem_stacks_B=1488
heap_tree=empty
#-----------
snapshot=73
#-----------
time=226099760
mem_heap_B=0
mem_heap_extra_B=0
mem_stacks_B=1424
heap_tree=empty
#-----------
snapshot=74
#-----------
time=228391200
mem_heap_B=0
mem_heap_extra_B=0
mem_stacks_B=1760
heap_tree=empty
#-----------
snapshot=75
#-----------
time=230682608
mem_heap_B=0
mem_heap_extra_B=0
mem_stacks_B=1616
heap_tree=empty
#-----------
snapshot=76
#-----------
time=232974016
mem_heap_B=0
mem_heap_extra_B=0
mem_stacks_B=1952
heap_tree=empty
#-----------
snapshot=77
#-----------
time=235265728
mem_heap_B=0
mem_heap_extra_B=0
mem_stacks_B=1952
heap_tree=empty
#-----------
snapshot=78
#-----------
time=237557168
mem_heap_B=0
mem_heap_extra_B=0
mem_stacks_B=1872
heap_tree=empty
#-----------
snapshot=79
#-----------
time=239848576
mem_heap_B=0
mem_heap_extra_B=0
mem_stacks_B=1760
heap_tree=empty
#-----------
snapshot=80
#-----------
time=242139984
mem_heap_B=0
mem_heap_extra_B=0
mem_stacks_B=1200
heap_tree=empty
#-----------
snapshot=81
#-----------
time=244432560
mem_heap_B=0
mem_heap_extra_B=0
mem_stacks_B=1488
heap_tree=empty
#-----------
snapshot=82
#-----------
time=246724064
mem_heap_B=0
mem_heap_extra_B=0
mem_stacks_B=2176
heap_tree=empty
#-----------
snapshot=83
#-----------
time=249015472
mem_heap_B=0
mem_heap_extra_B=0
mem_stacks_B=1968
heap_tree=empty
#-----------
snapshot=84
#-----------
time=251306912
mem_heap_B=0
mem_heap_extra_B=0
mem_stacks_B=1696
heap_tree=empty
#-----------
snapshot=85
#-----------
time=253598336
mem_heap_B=0
mem_heap_extra_B=0
mem_stacks_B=2528
heap_tree=empty
#-----------
snapshot=86
#-----------
time=255889744
mem_heap_B=0
mem_heap_extra_B=0
mem_stacks_B=1712
heap_tree=empty
#-----------
snapshot=87
#-----------
time=258182896
mem_heap_B=0
mem_heap_extra_B=0
mem_stacks_B=5712
heap_tree=empty
#-----------
snapshot=88
#-----------
time=260474320
mem_heap_B=0
mem_heap_extra_B=0
mem_stacks_B=1616
heap_tree=empty
#-----------
snapshot=89
#-----------
time=262765728
mem_heap_B=0
mem_heap_extra_B=0
mem_stacks_B=1632
heap_tree=empty
#-----------
snapshot=90
#-----------
time=265057136
mem_heap_B=0
mem_heap_extra_B=0
mem_stacks_B=1296
heap_tree=empty
#-----------
snapshot=91
#-----------
time=267348544
mem_heap_B=0
mem_heap_extra_B=0
mem_stacks_B=2560
heap_tree=empty
#-----------
snapshot=92
#-----------
time=269639984
mem_heap_B=0
mem_heap_extra_B=0
mem_stacks_B=1648
heap_tree=empty
#-----------
snapshot=93
#-----------
time=271931440
mem_heap_B=0
mem_heap_extra_B=0
mem_stacks_B=1584
heap_tree=empty
#-----------
snapshot=94
#-----------
time=274222880
mem_heap_B=0
mem_heap_extra_B=0
mem_stacks_B=1568
heap_tree=empty
#-----------
snapshot=95
#-----------
time=276514288
mem_heap_B=0
mem_heap_extra_B=0
mem_stacks_B=1584
heap_tree=empty
#-----------
snapshot=96
#-----------
time=278805728
mem_heap_B=0
mem_heap_extra_B=0
mem_stacks_B=1248
heap_tree=empty
